// Jest Snapshot v1, https://goo.gl/fbAQLP

exports[`BoxWithHyphen component should not render a link that wraps the box if href is empty 1`] = `
<div
  className="foobar box-with-hyphen"
>
  <div
    className="insert-box"
  >
    <h3
      className="dark-title-4"
    >
      <div>
        Synthesis
      </div>
      <div
        className="ellipsis margin-xs"
      >
        Foobar
      </div>
    </h3>
    <div
      className="box-hyphen"
      style={
        Object {
          "borderColorTop": "red",
        }
      }
    >
       
    </div>
    <div
      className="date"
    >
      <span
        className={undefined}
        style={undefined}
      >
        2017-01-01
      </span>
    </div>
    <div
      className="insert-content margin-s"
    >
      <p
        dangerouslySetInnerHTML={
          Object {
            "__html": "Lorem ipsum dolor sit amet",
          }
        }
      />
    </div>
  </div>
</div>
`;

exports[`BoxWithHyphen component should render a box with hyphen with its data 1`] = `
<div
  className="foobar box-with-hyphen"
>
  <a
    href="http://www.example.com/foobar"
  >
    <div
      className="insert-box"
    >
      <h3
        className="dark-title-4"
      >
        <div>
          Synthesis
        </div>
        <div
          className="ellipsis margin-xs"
        >
          Foobar
        </div>
      </h3>
      <div
        className="box-hyphen"
        style={
          Object {
            "borderColorTop": "red",
          }
        }
      >
         
      </div>
      <div
        className="date"
      >
        <span
          className={undefined}
          style={undefined}
        >
          2017-01-01
        </span>
      </div>
      <div
        className="insert-content margin-s"
      >
        <p
          dangerouslySetInnerHTML={
            Object {
              "__html": "Lorem ipsum dolor sit amet",
            }
          }
        />
      </div>
    </div>
  </a>
</div>
`;
