// Jest Snapshot v1, https://goo.gl/fbAQLP

exports[`DumbNumberGaugeForm component should render a form to set up a numeral gauge 1`] = `
<div>
  <FormGroup
    bsClass="form-group"
  >
    <FormControlWithLabel
      helperUrl=""
      label="Minimum value"
      labelAlwaysVisible={false}
      onChange={[Function]}
      required={true}
      type="number"
      validationErrors={null}
      value={2}
    />
    <FormControlWithLabel
      helperUrl=""
      label="Maximum value"
      labelAlwaysVisible={false}
      onChange={[Function]}
      required={true}
      type="number"
      validationErrors={null}
      value={11}
    />
    <FormControlWithLabel
      helperUrl=""
      label="Unit"
      labelAlwaysVisible={false}
      onChange={[Function]}
      required={true}
      type="text"
      validationErrors={null}
      value="kms"
    />
  </FormGroup>
</div>
`;
