// Jest Snapshot v1, https://goo.gl/fbAQLP

exports[`DumbEditSectionForm component should render a form to edit a section of Assembl 1`] = `
<div
  className="form-container"
>
  <div
    className="title left"
  >
    1. 
    Accueil
  </div>
  <div
    className="right"
  />
  <div
    className="clear"
  />
  <div
    className="form-group"
  >
    <div
      className="checkbox"
      style={undefined}
    >
      <label
        title=""
      >
        <input
          checked={true}
          disabled={false}
          onChange={[Function]}
          type="checkbox"
        />
        <span
          className={undefined}
          style={
            Object {
              "lineHeight": "20px",
            }
          }
        >
          Use external page
        </span>
      </label>
    </div>
  </div>
  <div
    className="form-group"
  >
    <label
      className="control-label"
      htmlFor={undefined}
    >
      URL
    </label>
    <input
      className="form-control"
      disabled={undefined}
      id={undefined}
      onBlur={[Function]}
      onChange={[Function]}
      placeholder="URL"
      type="text"
      value="www.google.fr"
    />
  </div>
  <div
    className="separator"
  />
</div>
`;
