// Jest Snapshot v1, https://goo.gl/fbAQLP

exports[`DumbManageSectionsForm component should render a list of forms to edit Assembl sections 1`] = `
<div
  className="admin-box"
>
  <SectionTitle
    annotation="* Fields are required."
    title="Set sections"
  />
  <div
    className="admin-content"
  >
    <form>
      Immutable.List [
        <Connect(DumbEditSectionForm)
          editLocale="en"
          id="123"
          index={0}
          nbSections={3}
        />,
        <Connect(DumbEditSectionForm)
          editLocale="en"
          id="456"
          index={1}
          nbSections={3}
        />,
        <Connect(DumbEditSectionForm)
          editLocale="en"
          id="789"
          index={2}
          nbSections={3}
        />,
      ]
      <OverlayTrigger
        defaultOverlayShown={false}
        overlay={
          <Tooltip
            bsClass="tooltip"
            id="addSectionTooltip"
            placement="right"
          >
            <Translate
              value="administration.sections.addSection"
            />
          </Tooltip>
        }
        placement="top"
        trigger={
          Array [
            "hover",
            "focus",
          ]
        }
      >
        <div
          className="plus margin-l"
          onClick={[Function]}
        >
          +
        </div>
      </OverlayTrigger>
    </form>
  </div>
</div>
`;
