// Jest Snapshot v1, https://goo.gl/fbAQLP

exports[`harvestingBox component should match harvestingBox snapshot 1`] = `
<div
  className=""
>
  <div
    className="theme-box harvesting-box active-box"
  >
    <div
      className="harvesting-box-header"
    >
      <div
        className="harvesting-status"
      >
        <div>
          <div
            className="validated-harvesting"
          >
            <div
              className="harvesting-status-label"
            >
              <Translate
                value="harvesting.validated"
              />
            </div>
          </div>
        </div>
      </div>
      <div
        className="button-bar"
      >
        <OverlayTrigger
          defaultOverlayShown={false}
          overlay={
            <Tooltip
              bsClass="tooltip"
              id="editExtractTooltip"
              placement="right"
            >
              <Translate
                value="harvesting.editExtract"
              />
            </Tooltip>
          }
          placement="top"
          trigger={
            Array [
              "hover",
              "focus",
            ]
          }
        >
          <Button
            active={false}
            block={false}
            bsClass="btn"
            bsStyle="default"
            className=""
            disabled={false}
            onClick={[Function]}
          >
            <span
              className="assembl-icon-edit grey"
            />
          </Button>
        </OverlayTrigger>
        <OverlayTrigger
          defaultOverlayShown={false}
          overlay={
            <Tooltip
              bsClass="tooltip"
              id="deleteExtractTooltip"
              placement="right"
            >
              <Translate
                value="harvesting.deleteExtract"
              />
            </Tooltip>
          }
          placement="top"
          trigger={
            Array [
              "hover",
              "focus",
            ]
          }
        >
          <Button
            active={false}
            block={false}
            bsClass="btn"
            bsStyle="default"
            disabled={false}
            onClick={[Function]}
          >
            <span
              className="assembl-icon-delete grey"
            />
          </Button>
        </OverlayTrigger>
        <OverlayTrigger
          defaultOverlayShown={false}
          overlay={
            <Tooltip
              bsClass="tooltip"
              id="nuggetExtractTooltip"
              placement="right"
            >
              <Translate
                value="harvesting.nuggetExtract"
              />
            </Tooltip>
          }
          placement="top"
          trigger={
            Array [
              "hover",
              "focus",
            ]
          }
        >
          <Button
            active={false}
            block={false}
            bsClass="btn"
            bsStyle="default"
            className=""
            disabled={false}
            onClick={[Function]}
          >
            <span
              className="assembl-icon-pepite grey"
            />
          </Button>
        </OverlayTrigger>
        <OverlayTrigger
          defaultOverlayShown={false}
          overlay={
            <Tooltip
              bsClass="tooltip"
              id="qualifyExtractTooltip"
              placement="right"
            >
              <Translate
                value="harvesting.qualifyExtract"
              />
            </Tooltip>
          }
          placement="top"
          trigger={
            Array [
              "hover",
              "focus",
            ]
          }
        >
          <Button
            active={false}
            block={false}
            bsClass="btn"
            bsStyle="default"
            className="taxonomy-menu-btn"
            disabled={false}
            onClick={[Function]}
          >
            <span
              className="assembl-icon-ellipsis-vert grey"
            />
          </Button>
        </OverlayTrigger>
      </div>
      <div
        className="profile"
      >
        <AvatarImage
          userId={31}
          userName="John Doe"
        />
        <div
          className="harvesting-infos"
        >
          <div
            className="username"
          >
            John Doe
          </div>
          <div
            className="harvesting-date"
            title="2018-03-29T16:28:27.324276+00:00"
          >
            il y a 5 jours
          </div>
        </div>
      </div>
    </div>
    <div
      className="harvesting-box-body"
    >
      <div>
        Hello world!
      </div>
    </div>
  </div>
</div>
`;

exports[`harvestingBox component should match submitted harvestingBox snapshot 1`] = `
<div
  className="submitted-harvesting"
>
  <div
    className="theme-box harvesting-box active-box"
  >
    <div
      className="harvesting-box-header"
    >
      <div
        className="harvesting-status"
      >
        <div />
      </div>
      <div
        className="button-bar"
      >
        <OverlayTrigger
          defaultOverlayShown={false}
          overlay={
            <Tooltip
              bsClass="tooltip"
              id="editExtractTooltip"
              placement="right"
            >
              <Translate
                value="harvesting.editExtract"
              />
            </Tooltip>
          }
          placement="top"
          trigger={
            Array [
              "hover",
              "focus",
            ]
          }
        >
          <Button
            active={false}
            block={false}
            bsClass="btn"
            bsStyle="default"
            className=""
            disabled={true}
            onClick={[Function]}
          >
            <span
              className="assembl-icon-edit grey"
            />
          </Button>
        </OverlayTrigger>
        <OverlayTrigger
          defaultOverlayShown={false}
          overlay={
            <Tooltip
              bsClass="tooltip"
              id="deleteExtractTooltip"
              placement="right"
            >
              <Translate
                value="harvesting.deleteExtract"
              />
            </Tooltip>
          }
          placement="top"
          trigger={
            Array [
              "hover",
              "focus",
            ]
          }
        >
          <Button
            active={false}
            block={false}
            bsClass="btn"
            bsStyle="default"
            disabled={true}
            onClick={[Function]}
          >
            <span
              className="assembl-icon-delete grey"
            />
          </Button>
        </OverlayTrigger>
        <OverlayTrigger
          defaultOverlayShown={false}
          overlay={
            <Tooltip
              bsClass="tooltip"
              id="nuggetExtractTooltip"
              placement="right"
            >
              <Translate
                value="harvesting.nuggetExtract"
              />
            </Tooltip>
          }
          placement="top"
          trigger={
            Array [
              "hover",
              "focus",
            ]
          }
        >
          <Button
            active={false}
            block={false}
            bsClass="btn"
            bsStyle="default"
            className=""
            disabled={true}
            onClick={[Function]}
          >
            <span
              className="assembl-icon-pepite grey"
            />
          </Button>
        </OverlayTrigger>
        <OverlayTrigger
          defaultOverlayShown={false}
          overlay={
            <Tooltip
              bsClass="tooltip"
              id="qualifyExtractTooltip"
              placement="right"
            >
              <Translate
                value="harvesting.qualifyExtract"
              />
            </Tooltip>
          }
          placement="top"
          trigger={
            Array [
              "hover",
              "focus",
            ]
          }
        >
          <Button
            active={false}
            block={false}
            bsClass="btn"
            bsStyle="default"
            className="taxonomy-menu-btn"
            disabled={true}
            onClick={[Function]}
          >
            <span
              className="assembl-icon-ellipsis-vert grey"
            />
          </Button>
        </OverlayTrigger>
      </div>
      <div
        className="profile"
      >
        <AvatarImage
          userId={31}
          userName="John Doe"
        />
        <div
          className="harvesting-infos"
        >
          <div
            className="username"
          >
            John Doe
          </div>
          <div
            className="harvesting-date"
            title="2018-03-29T16:28:27.324276+00:00"
          >
            il y a 5 jours
          </div>
        </div>
      </div>
    </div>
    <div
      className="harvesting-submitted-message"
    >
      <span
        className="confirm-harvest-button assembl-icon-catch"
      />
      <Translate
        value="harvesting.harvestingSubmitted"
      />
    </div>
    <div
      className="harvesting-box-body"
    >
      <div>
        Hello world!
      </div>
    </div>
    <div
      className="harvesting-box-footer"
    >
      <Button
        active={false}
        block={false}
        bsClass="btn"
        bsStyle="default"
        className="button-cancel button-dark"
        disabled={false}
        onClick={[Function]}
      >
        Reject
      </Button>
      <Button
        active={false}
        block={false}
        bsClass="btn"
        bsStyle="default"
        className="button-submit button-dark"
        disabled={false}
        onClick={[Function]}
      >
        Confirm
      </Button>
    </div>
  </div>
</div>
`;
