// Jest Snapshot v1, https://goo.gl/fbAQLP

exports[`PhaseForm component should render a form to update the dates and module of a phase 1`] = `
<div
  className="phase-form"
>
  <div
    className="date-picker-field"
  >
    <div
      className="date-picker-type"
    >
      <Translate
        value="search.datefilter.from"
      />
    </div>
    <label
      className="datepicker-label"
      htmlFor="start-datepicker"
    >
      <DatePicker
        allowSameDay={false}
        className=""
        dateFormat="LLL"
        dateFormatCalendar="MMMM YYYY"
        disabled={false}
        disabledKeyboardNavigation={false}
        dropdownMode="scroll"
        id="start-datepicker"
        locale="fr"
        monthsShown={1}
        onBlur={[Function]}
        onChange={[MockFunction]}
        onClickOutside={[Function]}
        onFocus={[Function]}
        onKeyDown={[Function]}
        onMonthChange={[Function]}
        onSelect={[Function]}
        onYearChange={[Function]}
        placeholderText="Phase 1's start date"
        preventOpenOnFocus={false}
        selected={"2014-12-31T09:00:00.000Z"}
        shouldCloseOnSelect={true}
        showTimeSelect={true}
        timeCaption="Time"
        timeFormat="HH:mm"
        timeIntervals={30}
        withPortal={false}
      />
      <div
        className="icon-schedule-container"
      >
        <span
          className="assembl-icon-schedule grey"
        />
      </div>
    </label>
  </div>
  <div
    className="date-picker-field"
  >
    <div
      className="date-picker-type"
    >
      <Translate
        value="search.datefilter.to"
      />
    </div>
    <label
      className="datepicker-label"
      htmlFor="end-datepicker"
    >
      <DatePicker
        allowSameDay={false}
        className=""
        dateFormat="LLL"
        dateFormatCalendar="MMMM YYYY"
        disabled={false}
        disabledKeyboardNavigation={false}
        dropdownMode="scroll"
        id="end-datepicker"
        locale="fr"
        monthsShown={1}
        onBlur={[Function]}
        onChange={[MockFunction]}
        onClickOutside={[Function]}
        onFocus={[Function]}
        onKeyDown={[Function]}
        onMonthChange={[Function]}
        onSelect={[Function]}
        onYearChange={[Function]}
        placeholderText="Phase 1's end date"
        preventOpenOnFocus={false}
        selected={"2015-12-31T09:00:00.000Z"}
        shouldCloseOnSelect={true}
        showTimeSelect={true}
        timeCaption="Time"
        timeFormat="HH:mm"
        timeIntervals={30}
        withPortal={false}
      />
      <div
        className="icon-schedule-container"
      >
        <span
          className="assembl-icon-schedule grey"
        />
      </div>
    </label>
  </div>
</div>
`;
