// Jest Snapshot v1, https://goo.gl/fbAQLP

exports[`Modal component should render a form to add a link 1`] = `
<div>
  <div
    className="modal-backdrop fade in"
  />
  <div
    className="insertion-box"
  >
    <div
      className="modal-header"
    >
      <button
        className="close"
        onClick={[MockFunction]}
        title="Close"
        type="button"
      >
        <span
          className="assembl-icon-cancel"
        />
      </button>
      <h4
        className="modal-title"
      >
        Modal title
      </h4>
    </div>
    <div
      className="modal-body"
    >
      <div>
        My modal body
      </div>
    </div>
  </div>
</div>
`;
