// Jest Snapshot v1, https://goo.gl/fbAQLP

exports[`EditPostButton component should render an edit post button 1`] = `
<Button
  active={false}
  block={false}
  bsClass="my-custom-class"
  bsStyle="default"
  disabled={false}
  onClick={[MockFunction]}
>
  <EditPostIcon />
</Button>
`;
